Archive member included to satisfy reference by file (symbol)

c:/program files (x86)/atmel/studio/7.0/toolchain/avr8/avr8-gnu-toolchain/bin/../lib/gcc/avr/5.4.0/avr5\libgcc.a(_divmodhi4.o)
                              Pages/page_timer.o (__divmodhi4)
c:/program files (x86)/atmel/studio/7.0/toolchain/avr8/avr8-gnu-toolchain/bin/../lib/gcc/avr/5.4.0/avr5\libgcc.a(_exit.o)
                              C:/Program Files (x86)/Atmel/Studio/7.0/Packs/atmel/ATmega_DFP/1.2.150/gcc/dev/atmega328p/avr5/crtatmega328p.o (exit)
c:/program files (x86)/atmel/studio/7.0/toolchain/avr8/avr8-gnu-toolchain/bin/../lib/gcc/avr/5.4.0/avr5\libgcc.a(_tablejump2.o)
                              Pages/page_timer.o (__tablejump2__)
c:/program files (x86)/atmel/studio/7.0/toolchain/avr8/avr8-gnu-toolchain/bin/../lib/gcc/avr/5.4.0/avr5\libgcc.a(_copy_data.o)
                              anim.o (__do_copy_data)
c:/program files (x86)/atmel/studio/7.0/toolchain/avr8/avr8-gnu-toolchain/bin/../lib/gcc/avr/5.4.0/avr5\libgcc.a(_clear_bss.o)
                              anim.o (__do_clear_bss)
c:/program files (x86)/atmel/studio/7.0/toolchain/avr8/avr8-gnu-toolchain/bin/../lib/gcc/avr/5.4.0/avr5\libgcc.a(_umulhisi3.o)
                              adc.o (__umulhisi3)
c:/program files (x86)/atmel/studio/7.0/toolchain/avr8/avr8-gnu-toolchain/bin/../lib/gcc/avr/5.4.0/avr5\libgcc.a(_udivmodhi4.o)
                              c:/program files (x86)/atmel/studio/7.0/toolchain/avr8/avr8-gnu-toolchain/bin/../lib/gcc/avr/5.4.0/avr5\libgcc.a(_divmodhi4.o) (__udivmodhi4)
c:/program files (x86)/atmel/studio/7.0/toolchain/avr8/avr8-gnu-toolchain/bin/../lib/gcc/avr/5.4.0/../../../../avr/lib/avr5\libm.a(floatsisf.o)
                              time_search.o (__floatsisf)
c:/program files (x86)/atmel/studio/7.0/toolchain/avr8/avr8-gnu-toolchain/bin/../lib/gcc/avr/5.4.0/../../../../avr/lib/avr5\libm.a(gesf2.o)
                              time_search.o (__gtsf2)
c:/program files (x86)/atmel/studio/7.0/toolchain/avr8/avr8-gnu-toolchain/bin/../lib/gcc/avr/5.4.0/../../../../avr/lib/avr5\libm.a(mulsf3.o)
                              time_search.o (__mulsf3)
c:/program files (x86)/atmel/studio/7.0/toolchain/avr8/avr8-gnu-toolchain/bin/../lib/gcc/avr/5.4.0/../../../../avr/lib/avr5\libm.a(mulsf3x.o)
                              c:/program files (x86)/atmel/studio/7.0/toolchain/avr8/avr8-gnu-toolchain/bin/../lib/gcc/avr/5.4.0/../../../../avr/lib/avr5\libm.a(mulsf3.o) (__mulsf3x)
c:/program files (x86)/atmel/studio/7.0/toolchain/avr8/avr8-gnu-toolchain/bin/../lib/gcc/avr/5.4.0/../../../../avr/lib/avr5\libm.a(fp_cmp.o)
                              c:/program files (x86)/atmel/studio/7.0/toolchain/avr8/avr8-gnu-toolchain/bin/../lib/gcc/avr/5.4.0/../../../../avr/lib/avr5\libm.a(gesf2.o) (__fp_cmp)
c:/program files (x86)/atmel/studio/7.0/toolchain/avr8/avr8-gnu-toolchain/bin/../lib/gcc/avr/5.4.0/../../../../avr/lib/avr5\libm.a(fp_inf.o)
                              c:/program files (x86)/atmel/studio/7.0/toolchain/avr8/avr8-gnu-toolchain/bin/../lib/gcc/avr/5.4.0/../../../../avr/lib/avr5\libm.a(mulsf3x.o) (__fp_inf)
c:/program files (x86)/atmel/studio/7.0/toolchain/avr8/avr8-gnu-toolchain/bin/../lib/gcc/avr/5.4.0/../../../../avr/lib/avr5\libm.a(fp_nan.o)
                              c:/program files (x86)/atmel/studio/7.0/toolchain/avr8/avr8-gnu-toolchain/bin/../lib/gcc/avr/5.4.0/../../../../avr/lib/avr5\libm.a(mulsf3x.o) (__fp_nan)
c:/program files (x86)/atmel/studio/7.0/toolchain/avr8/avr8-gnu-toolchain/bin/../lib/gcc/avr/5.4.0/../../../../avr/lib/avr5\libm.a(fp_pscA.o)
                              c:/program files (x86)/atmel/studio/7.0/toolchain/avr8/avr8-gnu-toolchain/bin/../lib/gcc/avr/5.4.0/../../../../avr/lib/avr5\libm.a(mulsf3x.o) (__fp_pscA)
c:/program files (x86)/atmel/studio/7.0/toolchain/avr8/avr8-gnu-toolchain/bin/../lib/gcc/avr/5.4.0/../../../../avr/lib/avr5\libm.a(fp_pscB.o)
                              c:/program files (x86)/atmel/studio/7.0/toolchain/avr8/avr8-gnu-toolchain/bin/../lib/gcc/avr/5.4.0/../../../../avr/lib/avr5\libm.a(mulsf3x.o) (__fp_pscB)
c:/program files (x86)/atmel/studio/7.0/toolchain/avr8/avr8-gnu-toolchain/bin/../lib/gcc/avr/5.4.0/../../../../avr/lib/avr5\libm.a(fp_round.o)
                              c:/program files (x86)/atmel/studio/7.0/toolchain/avr8/avr8-gnu-toolchain/bin/../lib/gcc/avr/5.4.0/../../../../avr/lib/avr5\libm.a(mulsf3.o) (__fp_round)
c:/program files (x86)/atmel/studio/7.0/toolchain/avr8/avr8-gnu-toolchain/bin/../lib/gcc/avr/5.4.0/../../../../avr/lib/avr5\libm.a(fp_split3.o)
                              c:/program files (x86)/atmel/studio/7.0/toolchain/avr8/avr8-gnu-toolchain/bin/../lib/gcc/avr/5.4.0/../../../../avr/lib/avr5\libm.a(mulsf3x.o) (__fp_split3)
c:/program files (x86)/atmel/studio/7.0/toolchain/avr8/avr8-gnu-toolchain/bin/../lib/gcc/avr/5.4.0/../../../../avr/lib/avr5\libm.a(fp_zero.o)
[...]
Memory Configuration

Name             Origin             Length             Attributes
text             0x00000000         0x00020000         xr
data             0x00800060         0x0000ffa0         rw !x
eeprom           0x00810000         0x00010000         rw !x
fuse             0x00820000         0x00000003         rw !x
lock             0x00830000         0x00000400         rw !x
signature        0x00840000         0x00000400         rw !x
user_signatures  0x00850000         0x00000400         rw !x
*default*        0x00000000         0xffffffff

Linker script and memory map

Address of section .data set to 0x800100
LOAD C:/Program Files (x86)/Atmel/Studio/7.0/Packs/atmel/ATmega_DFP/1.2.150/gcc/dev/atmega328p/avr5/crtatmega328p.o
LOAD anim.o
LOAD buttons.o
LOAD buttons_adc.o
LOAD Display/disp1color.o
LOAD Display/f10x16f.o
LOAD Display/f6x8m.o
LOAD Display/font.o
LOAD Display/ssd1306.o
LOAD Pages/page_fft.o
LOAD Pages/page_ir.o
LOAD Pages/page_level.o
LOAD Pages/page_menu.o
LOAD Pages/page_off.o
LOAD Pages/page_servo_config.o
LOAD Pages/page_speed.o
LOAD Pages/page_tension_config.o
LOAD Pages/page_timer.o
LOAD Pages/page_vu.o
LOAD counter.o
LOAD debug_functions.o
LOAD eeprom.o
LOAD adc.o
LOAD i2c.o
LOAD ir_contr.o
LOAD main.o
LOAD manager_page.o
LOAD spim.o
LOAD time_search.o
START GROUP
END GROUP
START GROUP
LOAD c:/program files (x86)/atmel/studio/7.0/toolchain/avr8/avr8-gnu-toolchain/bin/../lib/gcc/avr/5.4.0/avr5\libgcc.a
LOAD c:/program files (x86)/atmel/studio/7.0/toolchain/avr8/avr8-gnu-toolchain/bin/../lib/gcc/avr/5.4.0/../../../../avr/lib/avr5\libm.a
LOAD c:/program files (x86)/atmel/studio/7.0/toolchain/avr8/avr8-gnu-toolchain/bin/../lib/gcc/avr/5.4.0/../../../../avr/lib/avr5\libc.a
LOAD C:/Program Files (x86)/Atmel/Studio/7.0/Packs/atmel/ATmega_DFP/1.2.150/gcc/dev/atmega328p/avr5\libatmega328p.a
END GROUP
                0x00000000                __TEXT_REGION_ORIGIN__ = DEFINED (__TEXT_REGION_ORIGIN__)?__TEXT_REGION_ORIGIN__:0x0
                0x00800060                __DATA_REGION_ORIGIN__ = DEFINED (__DATA_REGION_ORIGIN__)?__DATA_REGION_ORIGIN__:0x800060
                0x00020000                __TEXT_REGION_LENGTH__ = DEFINED (__TEXT_REGION_LENGTH__)?__TEXT_REGION_LENGTH__:0x20000
                0x0000ffa0                __DATA_REGION_LENGTH__ = DEFINED (__DATA_REGION_LENGTH__)?__DATA_REGION_LENGTH__:0xffa0
                0x00010000                __EEPROM_REGION_LENGTH__ = DEFINED (__EEPROM_REGION_LENGTH__)?__EEPROM_REGION_LENGTH__:0x10000
                [0x00000003]                __FUSE_REGION_LENGTH__ = DEFINED (__FUSE_REGION_LENGTH__)?__FUSE_REGION_LENGTH__:0x400
                0x00000400                __LOCK_REGION_LENGTH__ = DEFINED (__LOCK_REGION_LENGTH__)?__LOCK_REGION_LENGTH__:0x400
                0x00000400                __SIGNATURE_REGION_LENGTH__ = DEFINED (__SIGNATURE_REGION_LENGTH__)?__SIGNATURE_REGION_LENGTH__:0x400
                0x00000400                __USER_SIGNATURE_REGION_LENGTH__ = DEFINED (__USER_SIGNATURE_REGION_LENGTH__)?__USER_SIGNATURE_REGION_LENGTH__:0x400

.hash
 *(.hash)

.dynsym
 *(.dynsym)

.dynstr
 *(.dynstr)

.gnu.version
 *(.gnu.version)

.gnu.version_d
 *(.gnu.version_d)

.gnu.version_r
 *(.gnu.version_r)

.rel.init
 *(.rel.init)

.rela.init
 *(.rela.init)

.rel.text
 *(.rel.text)
 *(.rel.text.*)
 *(.rel.gnu.linkonce.t*)

.rela.text
 *(.rela.text)
 *(.rela.text.*)
 *(.rela.gnu.linkonce.t*)

.rel.fini
 *(.rel.fini)

.rela.fini
 *(.rela.fini)

.rel.rodata
 *(.rel.rodata)
 *(.rel.rodata.*)
 *(.rel.gnu.linkonce.r*)

.rela.rodata
 *(.rela.rodata)
 *(.rela.rodata.*)
 *(.rela.gnu.linkonce.r*)

.rel.data
 *(.rel.data)
 *(.rel.data.*)
 *(.rel.gnu.linkonce.d*)

.rela.data
 *(.rela.data)
 *(.rela.data.*)
 *(.rela.gnu.linkonce.d*)

.rel.ctors
 *(.rel.ctors)

.rela.ctors
 *(.rela.ctors)

.rel.dtors
 *(.rel.dtors)

.rela.dtors
 *(.rela.dtors)

.rel.got
 *(.rel.got)

.rela.got
 *(.rela.got)

.rel.bss
 *(.rel.bss)

.rela.bss
 *(.rela.bss)

.rel.plt
 *(.rel.plt)

.rela.plt
 *(.rela.plt)

.text           0x00000000     0x7d16
 *(.vectors)
 .vectors       0x00000000       0x68 C:/Program Files (x86)/Atmel/Studio/7.0/Packs/atmel/ATmega_DFP/1.2.150/gcc/dev/atmega328p/avr5/crtatmega328p.o
                0x00000000                __vector_default
                0x00000000                __vectors
 *(.vectors)
 *(.progmem.gcc*)
 .progmem.gcc_sw_table.page_timer_render
                0x00000068       0x18 Pages/page_timer.o
 .progmem.gcc_sw_table.while_ir
                0x00000080       0x14 ir_contr.o
                0x00000094                . = ALIGN (0x2)
                0x00000094                __trampolines_start = .
 *(.trampolines)
 .trampolines   0x00000094        0x0 linker stubs
 *(.trampolines*)
                0x00000094                __trampolines_end = .
 *libprintf_flt.a:*(.progmem.data)
 *libc.a:*(.progmem.data)
 *(.progmem*)
 .progmem.data.upm_rewind_belts
                0x00000094      0x2a0 anim.o
                0x00000094                upm_rewind_belts
 .progmem.data.upm_forward_belts
                0x00000334      0x288 anim.o
                0x00000334                upm_forward_belts
 .progmem.data.upm_stop_belts
                0x000005bc      0x254 anim.o
                0x000005bc                upm_stop_belts
 .progmem.data.upm_stop_anim
                0x00000810      0x490 anim.o
                0x00000810                upm_stop_anim
 .progmem.data.f10x16f_table
                0x00000ca0      0x198 Display/f10x16f.o
                0x00000ca0                f10x16f_table
 .progmem.data.f6x8_table
                0x00000e38      0xa00 Display/f6x8m.o
                0x00000e38                f6x8_table
 .progmem.data.__c.2848
                0x00001838        0x7 Pages/page_fft.o
 .progmem.data.__c.2846
                0x0000183f        0xa Pages/page_fft.o
 .progmem.data.__c.2844
                0x00001849        0x5 Pages/page_fft.o
 .progmem.data.__c.2842
                0x0000184e        0x6 Pages/page_fft.o
 .progmem.data.__c.2792
                0x00001854        0xc Pages/page_ir.o
 .progmem.data.__c.2790
                0x00001860        0xc Pages/page_ir.o
 .progmem.data.__c.2822
                0x0000186c        0x8 Pages/page_level.o
 .progmem.data.__c.2820
                0x00001874        0x8 Pages/page_level.o
 .progmem.data.__c.2835
                0x0000187c        0x7 Pages/page_level.o
 .progmem.data.__c.2833
                0x00001883        0xa Pages/page_level.o
 .progmem.data.__c.2831
                0x0000188d        0xb Pages/page_level.o
 .progmem.data.__c.2829
                0x00001898        0xb Pages/page_level.o
 .progmem.data.__c.2799
                0x000018a3        0x8 Pages/page_level.o
 .progmem.data.__c.2805
                0x000018ab        0xa Pages/page_menu.o
 .progmem.data.__c.2803
                0x000018b5        0xb Pages/page_menu.o
 .progmem.data.__c.2801
                0x000018c0        0xc Pages/page_menu.o
 .progmem.data.__c.2799
                0x000018cc        0x9 Pages/page_menu.o
 .progmem.data.__c.2797
                0x000018d5        0x8 Pages/page_menu.o
 .progmem.data.__c.2795
                0x000018dd        0xc Pages/page_menu.o
 .progmem.data.__c.2794
                0x000018e9        0xe Pages/page_off.o
 .progmem.data.__c.2824
                0x000018f7        0x9 Pages/page_servo_config.o
 .progmem.data.__c.2817
                0x00001900        0x6 Pages/page_servo_config.o
 .progmem.data.__c.2815
                0x00001906        0x6 Pages/page_servo_config.o
 .progmem.data.__c.2813
                0x0000190c        0x6 Pages/page_servo_config.o
 .progmem.data.__c.2811
                0x00001912        0x5 Pages/page_servo_config.o
 .progmem.data.__c.2809
                0x00001917        0x5 Pages/page_servo_config.o
 .progmem.data.__c.2807
                0x0000191c        0x6 Pages/page_servo_config.o
 .progmem.data.__c.2805
                0x00001922        0x5 Pages/page_servo_config.o
 .progmem.data.__c.2803
                0x00001927        0x4 Pages/page_servo_config.o
 .progmem.data.__c.2801
                0x0000192b        0xa Pages/page_servo_config.o
 .progmem.data.__c.2799
                0x00001935        0x7 Pages/page_servo_config.o
 .progmem.data.__c.2797
                0x0000193c        0x7 Pages/page_servo_config.o
 .progmem.data.__c.2795
                0x00001943        0x9 Pages/page_servo_config.o
 .progmem.data.__c.2802
                0x0000194c        0x5 Pages/page_speed.o
 .progmem.data.__c.2799
                0x00001951        0x9 Pages/page_speed.o
 .progmem.data.__c.2797
                0x0000195a        0xa Pages/page_speed.o
 .progmem.data.__c.2795
                0x00001964        0x5 Pages/page_speed.o
 .progmem.data.__c.2793
                0x00001969        0x5 Pages/page_speed.o
 .progmem.data.__c.2791
                0x0000196e        0x5 Pages/page_speed.o
 .progmem.data.__c.2812
                0x00001973        0x8 Pages/page_tension_config.o
 .progmem.data.__c.2805
                0x0000197b        0x2 Pages/page_tension_config.o
 .progmem.data.__c.2803
                0x0000197d        0x2 Pages/page_tension_config.o
 .progmem.data.__c.2801
                0x0000197f        0x2 Pages/page_tension_config.o
 .progmem.data.__c.2799
                0x00001981        0xc Pages/page_tension_config.o
 .progmem.data.__c.2797
                0x0000198d        0xb Pages/page_tension_config.o
 .progmem.data.__c.2795
                0x00001998        0xc Pages/page_tension_config.o
 .progmem.data.__c.2795
                0x000019a4        0xd Pages/page_vu.o
 .progmem.data.__c.2793
                0x000019b1        0xc Pages/page_vu.o
 .progmem.data.__c.2830
                0x000019bd        0x6 ir_contr.o
 .progmem.data.__c.2821
                0x000019c3        0x5 ir_contr.o
 .progmem.data.__c.2819
                0x000019c8        0x4 ir_contr.o
 .progmem.data.__c.2817
                0x000019cc        0x5 ir_contr.o
 .progmem.data.__c.2815
                0x000019d1        0x4 ir_contr.o
 .progmem.data.__c.2813
                0x000019d5        0x5 ir_contr.o
 .progmem.data.__c.2811
                0x000019da        0x5 ir_contr.o
 .progmem.data.__c.2809
                0x000019df        0x3 ir_contr.o
 .progmem.data.__c.2807
                0x000019e2        0x3 ir_contr.o
 .progmem.data.__c.2805
                0x000019e5        0x6 ir_contr.o
 .progmem.data.__c.2803
                0x000019eb        0x4 ir_contr.o
 .progmem.data.__c.2801
                0x000019ef        0x5 ir_contr.o
 .progmem.data.__c.2812
                0x000019f4        0xc manager_page.o
                0x00001a00                . = ALIGN (0x2)
 *(.jumptables)
 *(.jumptables*)
 *(.lowtext)
 *(.lowtext*)
                0x00001a00                __ctors_start = .
 *(.ctors)
                0x00001a00                __ctors_end = .
                0x00001a00                __dtors_start = .
 *(.dtors)
                0x00001a00                __dtors_end = .
 SORT(*)(.ctors)
 SORT(*)(.dtors)
 *(.init0)
 .init0         0x00001a00        0x0 C:/Program Files (x86)/Atmel/Studio/7.0/Packs/atmel/ATmega_DFP/1.2.150/gcc/dev/atmega328p/avr5/crtatmega328p.o
                0x00001a00                __init
 *(.init0)
 *(.init1)
 *(.init1)
 *(.init2)
 .init2         0x00001a00        0xc C:/Program Files (x86)/Atmel/Studio/7.0/Packs/atmel/ATmega_DFP/1.2.150/gcc/dev/atmega328p/avr5/crtatmega328p.o
 *(.init2)
 *(.init3)
 *(.init3)
 *(.init4)
 .init4         0x00001a0c       0x16 c:/program files (x86)/atmel/studio/7.0/toolchain/avr8/avr8-gnu-toolchain/bin/../lib/gcc/avr/5.4.0/avr5\libgcc.a(_copy_data.o)
                0x00001a0c                __do_copy_data
 .init4         0x00001a22       0x10 c:/program files (x86)/atmel/studio/7.0/toolchain/avr8/avr8-gnu-toolchain/bin/../lib/gcc/avr/5.4.0/avr5\libgcc.a(_clear_bss.o)
                0x00001a22                __do_clear_bss
 *(.init4)
 *(.init5)
 *(.init5)
 *(.init6)
 *(.init6)
 *(.init7)
 *(.init7)
 *(.init8)
 *(.init8)
 *(.init9)
 .init9         0x00001a32        0x8 C:/Program Files (x86)/Atmel/Studio/7.0/Packs/atmel/ATmega_DFP/1.2.150/gcc/dev/atmega328p/avr5/crtatmega328p.o
 *(.init9)
 *(.text)
 .text          0x00001a3a        0x4 C:/Program Files (x86)/Atmel/Studio/7.0/Packs/atmel/ATmega_DFP/1.2.150/gcc/dev/atmega328p/avr5/crtatmega328p.o
                0x00001a3a                __vector_22
                0x00001a3a                __vector_24
                0x00001a3a                __vector_12
                0x00001a3a                __bad_interrupt
                0x00001a3a                __vector_6
                0x00001a3a                __vector_3
                0x00001a3a                __vector_23
                0x00001a3a                __vector_25
                0x00001a3a                __vector_11
                0x00001a3a                __vector_13
                0x00001a3a                __vector_17
                0x00001a3a                __vector_19
                0x00001a3a                __vector_7
                0x00001a3a                __vector_5
                0x00001a3a                __vector_4
                0x00001a3a                __vector_9
                0x00001a3a                __vector_2
                0x00001a3a                __vector_21
                0x00001a3a                __vector_15
                0x00001a3a                __vector_8
                0x00001a3a                __vector_14
                0x00001a3a                __vector_10
                0x00001a3a                __vector_16
                0x00001a3a                __vector_18
                0x00001a3a                __vector_20
                0x00001a3e                . = ALIGN (0x2)
 *(.text.*)
 .text.show_upm_anim
                0x00001a3e      0x40e anim.o
                0x00001a3e                show_upm_anim
 .text.show_loading
                0x00001e4c       0x10 anim.o
                0x00001e4c                show_loading
 .text.off      0x00001e5c        0xe buttons.o
                0x00001e5c                off
 .text.menu     0x00001e6a       0x26 buttons.o
 .text.select   0x00001e90       0x26 buttons.o
 .text.minus    0x00001eb6       0x26 buttons.o
 .text.plus     0x00001edc       0x26 buttons.o
 .text.save     0x00001f02       0x26 buttons.o
 .text.buttons_timer
                0x00001f28      0x1d6 buttons.o
                0x00001f28                buttons_timer
 .text.buttons_init
                0x000020fe      0x17a buttons.o
                0x000020fe                buttons_init
 .text.loading_anim
                0x00002278       0x28 buttons.o
                0x00002278                loading_anim
 .text.on       0x000022a0       0x5a buttons.o
                0x000022a0                on
 .text.off_timer
                0x000022fa       0x88 buttons.o
                0x000022fa                off_timer
 .text.change_option
                0x00002382       0x6c buttons_adc.o
                0x00002382                change_option
 .text.set_mode
                0x000023ee       0x12 buttons_adc.o
                0x000023ee                set_mode
 .text.keyboard_adc_timer
                0x00002400      0x29e buttons_adc.o
                0x00002400                keyboard_adc_timer
 .text.oled_sleep
                0x0000269e        0x6 Display/disp1color.o
                0x0000269e                oled_sleep
 .text.disp1color_SetBrightness
                0x000026a4        0x6 Display/disp1color.o
                0x000026a4                disp1color_SetBrightness
 .text.disp1color_FillScreenbuff
                0x000026aa       0x12 Display/disp1color.o
                0x000026aa                disp1color_FillScreenbuff
 .text.disp1color_Init
                0x000026bc       0x1c Display/disp1color.o
                0x000026bc                disp1color_Init
 .text.disp1color_UpdateFromBuff
                0x000026d8        0xe Display/disp1color.o
                0x000026d8                disp1color_UpdateFromBuff
 .text.oled_draw_pixel
                0x000026e6       0x5c Display/disp1color.o
                0x000026e6                oled_draw_pixel
 .text.oled_draw_double_pixel
                0x00002742       0x40 Display/disp1color.o
                0x00002742                oled_draw_double_pixel
 .text.oled_draw_reel
                0x00002782      0x172 Display/disp1color.o
                0x00002782                oled_draw_reel
 .text.oled_draw_line
                0x000028f4      0x126 Display/disp1color.o
                0x000028f4                oled_draw_line
 .text.oled_draw_rectangle
                0x00002a1a       0x54 Display/disp1color.o
                0x00002a1a                oled_draw_rectangle
 .text.disp1color_DrawChar
                0x00002a6e      0x150 Display/disp1color.o
                0x00002a6e                disp1color_DrawChar
 .text.disp1color_DrawString
                0x00002bbe       0x5e Display/disp1color.o
                0x00002bbe                disp1color_DrawString
 .text.oled_printf
                0x00002c1c       0x5c Display/disp1color.o
                0x00002c1c                oled_printf
 .text.oled_draw_menu_item
                0x00002c78       0xcc Display/disp1color.o
                0x00002c78                oled_draw_menu_item
 .text.oled_show_stop
                0x00002d44       0x76 Display/disp1color.o
                0x00002d44                oled_show_stop
 .text.oled_show_pause
                0x00002dba       0x60 Display/disp1color.o
                0x00002dba                oled_show_pause
 .text.oled_show_play
                0x00002e1a       0x6c Display/disp1color.o
                0x00002e1a                oled_show_play
 .text.oled_show_forward
                0x00002e86       0x1c Display/disp1color.o
                0x00002e86                oled_show_forward
 .text.oled_show_rewind
                0x00002ea2       0xc8 Display/disp1color.o
                0x00002ea2                oled_show_rewind
 .text.show_level_bar
                0x00002f6a       0x84 Display/disp1color.o
                0x00002f6a                show_level_bar
 .text.oled_show_repeat
                0x00002fee      0x104 Display/disp1color.o
                0x00002fee                oled_show_repeat
 .text.oled_show_conter_background
                0x000030f2      0x1a8 Display/disp1color.o
                0x000030f2                oled_show_conter_background
 .text.oled_show_eq
                0x0000329a      0x100 Display/disp1color.o
                0x0000329a                oled_show_eq
 .text.oled_show_info
                0x0000339a       0x5a Display/disp1color.o
                0x0000339a                oled_show_info
 .text.f10x16f_GetCharTable
                0x000033f4       0x26 Display/f10x16f.o
                0x000033f4                f10x16f_GetCharTable
 .text.f6x8m_GetCharTable
                0x0000341a       0x34 Display/f6x8m.o
                0x0000341a                f6x8m_GetCharTable
 .text.font_GetFontStruct
                0x0000344e       0x18 Display/font.o
                0x0000344e                font_GetFontStruct
 .text.font_GetCharWidth
                0x00003466        0x6 Display/font.o
                0x00003466                font_GetCharWidth
 .text.font_GetCharHeight
                0x0000346c        0x6 Display/font.o
                0x0000346c                font_GetCharHeight
 .text.SSD1306_SendCommand
                0x00003472       0x3e Display/ssd1306.o
                0x00003472                SSD1306_SendCommand
 .text.SSD1306_SendData
                0x000034b0        0xa Display/ssd1306.o
                0x000034b0                SSD1306_SendData
 .text.SSD1306_SetMemAdressingMode
                0x000034ba       0x14 Display/ssd1306.o
                0x000034ba                SSD1306_SetMemAdressingMode
 .text.SSD1306_SetColumns
                0x000034ce       0x2c Display/ssd1306.o
                0x000034ce                SSD1306_SetColumns
 .text.SSD1306_SetPages
                0x000034fa       0x2c Display/ssd1306.o
                0x000034fa                SSD1306_SetPages
 .text.SSD1306_DisplayFullUpdate
                0x00003526       0x3c Display/ssd1306.o
                0x00003526                SSD1306_DisplayFullUpdate
 .text.SSD1306_SetDisplayStartLine
                0x00003562       0x12 Display/ssd1306.o
                0x00003562                SSD1306_SetDisplayStartLine
 .text.SSD1306_SetSegmentRemap
                0x00003574       0x1a Display/ssd1306.o
                0x00003574                SSD1306_SetSegmentRemap
 .text.SSD1306_SetMultiplexRatio
                0x0000358e       0x28 Display/ssd1306.o
                0x0000358e                SSD1306_SetMultiplexRatio
 .text.SSD1306_SetDisplayOffset
                0x000035b6       0x24 Display/ssd1306.o
                0x000035b6                SSD1306_SetDisplayOffset
 .text.SSD1306_SetDisplayClockDivider
                0x000035da       0x32 Display/ssd1306.o
                0x000035da                SSD1306_SetDisplayClockDivider
 .text.SSD1306_ChargePumpSetting
                0x0000360c       0x2e Display/ssd1306.o
                0x0000360c                SSD1306_ChargePumpSetting
 .text.SSD1306_SetCOMoutScanDirection
                0x0000363a       0x14 Display/ssd1306.o
                0x0000363a                SSD1306_SetCOMoutScanDirection
 .text.SSD1306_SetCOMPinsConfig
                0x0000364e       0x3a Display/ssd1306.o
                0x0000364e                SSD1306_SetCOMPinsConfig
 .text.SSD1306_SetPrechargePeriod
                0x00003688       0x42 Display/ssd1306.o
                0x00003688                SSD1306_SetPrechargePeriod
 .text.SSD1306_SetVCOMHDeselectLevel
                0x000036ca       0x26 Display/ssd1306.o
                0x000036ca                SSD1306_SetVCOMHDeselectLevel
 .text.SSD1306_DeactivateScroll
                0x000036f0       0x10 Display/ssd1306.o
                0x000036f0                SSD1306_DeactivateScroll
 .text.SSD1306_Sleep
                0x00003700       0x10 Display/ssd1306.o
                0x00003700                SSD1306_Sleep
 .text.SSD1306_Wake
                0x00003710       0x10 Display/ssd1306.o
                0x00003710                SSD1306_Wake
 .text.SSD1306_AllPixRAM
                0x00003720       0x10 Display/ssd1306.o
                0x00003720                SSD1306_AllPixRAM
 .text.SSD1306_SetInverseOff
                0x00003730       0x10 Display/ssd1306.o
                0x00003730                SSD1306_SetInverseOff
 .text.SSD1306_SetContrast
                0x00003740       0x24 Display/ssd1306.o
                0x00003740                SSD1306_SetContrast
 .text.SSD1306_GPIO_init
                0x00003764        0x8 Display/ssd1306.o
                0x00003764                SSD1306_GPIO_init
 .text.SSD1306_Init
                0x0000376c       0x94 Display/ssd1306.o
                0x0000376c                SSD1306_Init
 .text.SSD1306_init_and_sleep
                0x00003800        0x6 Display/ssd1306.o
                0x00003800                SSD1306_init_and_sleep
 .text.set_freq_level
                0x00003806       0x7a Pages/page_fft.o
 .text.page_fft_render
                0x00003880      0x56e Pages/page_fft.o
                0x00003880                page_fft_render
 .text.page_fft_menu
                0x00003dee        0x2 Pages/page_fft.o
                0x00003dee                page_fft_menu
 .text.page_fft_select
                0x00003df0       0x16 Pages/page_fft.o
                0x00003df0                page_fft_select
 .text.page_fft_minus
                0x00003e06       0x42 Pages/page_fft.o
                0x00003e06                page_fft_minus
 .text.page_fft_plus
                0x00003e48       0x44 Pages/page_fft.o
                0x00003e48                page_fft_plus
 .text.page_fft_save
                0x00003e8c        0x2 Pages/page_fft.o
                0x00003e8c                page_fft_save
 .text.page_ir_render
                0x00003e8e       0x7a Pages/page_ir.o
                0x00003e8e                page_ir_render
 .text.page_ir_menu
                0x00003f08        0x2 Pages/page_ir.o
                0x00003f08                page_ir_menu
 .text.page_ir_select
                0x00003f0a        0x6 Pages/page_ir.o
                0x00003f0a                page_ir_select
 .text.page_ir_minus
                0x00003f10        0x2 Pages/page_ir.o
                0x00003f10                page_ir_minus
 .text.page_ir_plus
                0x00003f12        0x2 Pages/page_ir.o
                0x00003f12                page_ir_plus
 .text.page_ir_save
                0x00003f14        0x2 Pages/page_ir.o
                0x00003f14                page_ir_save
 .text.page_level_render
                0x00003f16      0x44a Pages/page_level.o
                0x00003f16                page_level_render
 .text.page_level_menu
                0x00004360        0x2 Pages/page_level.o
                0x00004360                page_level_menu
 .text.page_level_select
                0x00004362       0x2e Pages/page_level.o
                0x00004362                page_level_select
 .text.page_level_minus
                0x00004390       0x94 Pages/page_level.o
                0x00004390                page_level_minus
 .text.page_level_plus
                0x00004424       0x90 Pages/page_level.o
                0x00004424                page_level_plus
 .text.page_level_save
                0x000044b4        0x2 Pages/page_level.o
                0x000044b4                page_level_save
 .text.page_menu_render
                0x000044b6      0x17a Pages/page_menu.o
                0x000044b6                page_menu_render
 .text.page_menu_menu
                0x00004630       0x1a Pages/page_menu.o
                0x00004630                page_menu_menu
 .text.page_menu_select
                0x0000464a       0x1e Pages/page_menu.o
                0x0000464a                page_menu_select
 .text.page_menu_minus
                0x00004668        0x2 Pages/page_menu.o
                0x00004668                page_menu_minus
 .text.page_menu_plus
                0x0000466a        0x2 Pages/page_menu.o
                0x0000466a                page_menu_plus
 .text.page_menu_save
                0x0000466c        0x2 Pages/page_menu.o
                0x0000466c                page_menu_save
 .text.page_off_render
                0x0000466e      0x1c8 Pages/page_off.o
                0x0000466e                page_off_render
 .text.page_off_menu
                0x00004836        0x2 Pages/page_off.o
                0x00004836                page_off_menu
 .text.page_off_select
                0x00004838        0x2 Pages/page_off.o
                0x00004838                page_off_select
 .text.page_off_minus
                0x0000483a        0x2 Pages/page_off.o
                0x0000483a                page_off_minus
 .text.page_off_plus
                0x0000483c        0x2 Pages/page_off.o
                0x0000483c                page_off_plus
 .text.page_off_save
                0x0000483e        0x2 Pages/page_off.o
                0x0000483e                page_off_save
 .text.init_page_servo_config
                0x00004840       0x9a Pages/page_servo_config.o
                0x00004840                init_page_servo_config
 .text.page_servo_config_render
                0x000048da      0x130 Pages/page_servo_config.o
                0x000048da                page_servo_config_render
 .text.page_servo_config_menu
                0x00004a0a       0x2a Pages/page_servo_config.o
                0x00004a0a                page_servo_config_menu
 .text.page_servo_config_select
                0x00004a34       0x3a Pages/page_servo_config.o
                0x00004a34                page_servo_config_select
 .text.page_servo_config_minus
                0x00004a6e       0x34 Pages/page_servo_config.o
                0x00004a6e                page_servo_config_minus
 .text.page_servo_config_plus
                0x00004aa2       0x34 Pages/page_servo_config.o
                0x00004aa2                page_servo_config_plus
 .text.page_servo_config_save
                0x00004ad6       0x56 Pages/page_servo_config.o
                0x00004ad6                page_servo_config_save
 .text.page_speed_render
                0x00004b2c      0x1ce Pages/page_speed.o
                0x00004b2c                page_speed_render
 .text.page_speed_menu
                0x00004cfa        0x2 Pages/page_speed.o
                0x00004cfa                page_speed_menu
 .text.page_speed_select
                0x00004cfc       0x16 Pages/page_speed.o
                0x00004cfc                page_speed_select
 .text.page_speed_minus
                0x00004d12       0x5a Pages/page_speed.o
                0x00004d12                page_speed_minus
 .text.page_speed_plus
                0x00004d6c       0x62 Pages/page_speed.o
                0x00004d6c                page_speed_plus
 .text.page_speed_save
                0x00004dce        0xe Pages/page_speed.o
                0x00004dce                page_speed_save
 .text.init_page_tension_config
                0x00004ddc       0x4c Pages/page_tension_config.o
                0x00004ddc                init_page_tension_config
 .text.page_tension_config_render
                0x00004e28      0x130 Pages/page_tension_config.o
                0x00004e28                page_tension_config_render
 .text.page_tension_config_menu
                0x00004f58       0x2a Pages/page_tension_config.o
                0x00004f58                page_tension_config_menu
 .text.page_tension_config_select
                0x00004f82       0x1e Pages/page_tension_config.o
                0x00004f82                page_tension_config_select
 .text.page_tension_config_minus
                0x00004fa0       0x48 Pages/page_tension_config.o
                0x00004fa0                page_tension_config_minus
 .text.page_tension_config_plus
                0x00004fe8       0x48 Pages/page_tension_config.o
                0x00004fe8                page_tension_config_plus
 .text.page_tension_config_save
                0x00005030       0x28 Pages/page_tension_config.o
                0x00005030                page_tension_config_save
 .text.page_timer_render
                0x00005058      0x4cc Pages/page_timer.o
                0x00005058                page_timer_render
 .text.page_timer_menu
                0x00005524        0x8 Pages/page_timer.o
                0x00005524                page_timer_menu
 .text.page_timer_select
                0x0000552c        0xa Pages/page_timer.o
                0x0000552c                page_timer_select
 .text.page_timer_minus
                0x00005536        0x6 Pages/page_timer.o
                0x00005536                page_timer_minus
 .text.page_timer_plus
                0x0000553c        0x6 Pages/page_timer.o
                0x0000553c                page_timer_plus
 .text.page_timer_save
                0x00005542        0x6 Pages/page_timer.o
                0x00005542                page_timer_save
 .text.page_vu_render
                0x00005548      0x172 Pages/page_vu.o
                0x00005548                page_vu_render
 .text.page_vu_menu
                0x000056ba        0x2 Pages/page_vu.o
                0x000056ba                page_vu_menu
 .text.page_vu_select
                0x000056bc       0x16 Pages/page_vu.o
                0x000056bc                page_vu_select
 .text.page_vu_minus
                0x000056d2       0x68 Pages/page_vu.o
                0x000056d2                page_vu_minus
 .text.page_vu_plus
                0x0000573a       0x68 Pages/page_vu.o
                0x0000573a                page_vu_plus
 .text.page_vu_save
                0x000057a2       0x1a Pages/page_vu.o
                0x000057a2                page_vu_save
 .text.timer_reset
                0x000057bc       0x1a counter.o
                0x000057bc                timer_reset
 .text.counterIn
                0x000057d6       0x2a counter.o
                0x000057d6                counterIn
 .text.counterOut
                0x00005800       0x2a counter.o
                0x00005800                counterOut
 .text.inc_counter
                0x0000582a      0x156 counter.o
                0x0000582a                inc_counter
 .text.debug_led
                0x00005980       0x2e debug_functions.o
                0x00005980                debug_led
 .text.EEPROM_write
                0x000059ae       0x12 eeprom.o
                0x000059ae                EEPROM_write
 .text.EEPROM_read
                0x000059c0       0x10 eeprom.o
                0x000059c0                EEPROM_read
 .text.EEPROM_write_word
                0x000059d0       0x1c eeprom.o
                0x000059d0                EEPROM_write_word
 .text.EEPROM_read_word
                0x000059ec       0x30 eeprom.o
                0x000059ec                EEPROM_read_word
 .text.EEPROM_write_dword
                0x00005a1c       0x34 eeprom.o
                0x00005a1c                EEPROM_write_dword
 .text.EEPROM_read_dword
                0x00005a50       0x46 eeprom.o
                0x00005a50                EEPROM_read_dword
 .text.adc_init_8
                0x00005a96       0x2e adc.o
                0x00005a96                adc_init_8
 .text.admux_freq_level
                0x00005ac4       0x1e adc.o
                0x00005ac4                admux_freq_level
 .text.adc_read
                0x00005ae2       0x1a adc.o
                0x00005ae2                adc_read
 .text.adc_keyboard_read
                0x00005afc       0x3a adc.o
                0x00005afc                adc_keyboard_read
 .text.i2c_read_byte_from_slave
                0x00005b36       0xbc i2c.o
 .text.i2c_start_condition
                0x00005bf2       0x20 i2c.o
 .text.i2c_send
                0x00005c12       0xac i2c.o
 .text.show_i2c_error
                0x00005cbe       0x4a i2c.o
 .text.send_from_query_timer
                0x00005d08      0x1a4 i2c.o
                0x00005d08                send_from_query_timer
 .text.i2c_init_as_master
                0x00005eac       0x26 i2c.o
                0x00005eac                i2c_init_as_master
 .text.i2c_send_config_current_servo
                0x00005ed2       0x24 i2c.o
                0x00005ed2                i2c_send_config_current_servo
 .text.i2c_send_mode_servo
                0x00005ef6       0x22 i2c.o
                0x00005ef6                i2c_send_mode_servo
 .text.i2c_send_repeat_servo
                0x00005f18       0x24 i2c.o
                0x00005f18                i2c_send_repeat_servo
 .text.i2c_send_position_servo
                0x00005f3c       0x2c i2c.o
                0x00005f3c                i2c_send_position_servo
 .text.i2c_send_pid_koef
                0x00005f68       0x30 i2c.o
                0x00005f68                i2c_send_pid_koef
 .text.i2c_save_pid_koef
                0x00005f98       0x32 i2c.o
                0x00005f98                i2c_save_pid_koef
 .text.i2c_send_config_current_pid
                0x00005fca       0x24 i2c.o
                0x00005fca                i2c_send_config_current_pid
 .text.i2c_set_motor_speed
                0x00005fee       0x2c i2c.o
                0x00005fee                i2c_set_motor_speed
 .text.i2c_set_kinematics_speed
                0x0000601a       0x24 i2c.o
                0x0000601a                i2c_set_kinematics_speed
 .text.i2c_set_reels_size
                0x0000603e       0x24 i2c.o
                0x0000603e                i2c_set_reels_size
 .text.i2c_save_motor_speed
                0x00006062       0x1a i2c.o
                0x00006062                i2c_save_motor_speed
 .text.i2c_save_position_servo
                0x0000607c       0x32 i2c.o
                0x0000607c                i2c_save_position_servo
 .text.i2c_set_debug_mode
                0x000060ae       0x24 i2c.o
                0x000060ae                i2c_set_debug_mode
 .text.i2c_send_freq_gen
                0x000060d2       0x22 i2c.o
                0x000060d2                i2c_send_freq_gen
 .text.i2c_send_option_motherboard
                0x000060f4       0x2a i2c.o
                0x000060f4                i2c_send_option_motherboard
 .text.i2c_timer
                0x0000611e      0x2fe i2c.o
                0x0000611e                i2c_timer
 .text.i2c_send_mode_motherboard
                0x0000641c       0x22 i2c.o
                0x0000641c                i2c_send_mode_motherboard
 .text.i2c_send_vu_params
                0x0000643e       0x4a i2c.o
                0x0000643e                i2c_send_vu_params
 .text.init_ir  0x00006488       0xee ir_contr.o
                0x00006488                init_ir
 .text.ir_binding
                0x00006576      0x148 ir_contr.o
                0x00006576                ir_binding
 .text.while_ir
                0x000066be      0x116 ir_contr.o
                0x000066be                while_ir
 .text.__vector_1
                0x000067d4      0x142 ir_contr.o
                0x000067d4                __vector_1
 .text.resetParameters
                0x00006916       0xa4 main.o
                0x00006916                resetParameters
 .text.is_rec_mode
                0x000069ba       0x16 main.o
                0x000069ba                is_rec_mode
 .text.is_rec_gen_mode
                0x000069d0       0x22 main.o
                0x000069d0                is_rec_gen_mode
 .text.main     0x000069f2       0xa6 main.o
                0x000069f2                main
 .text.manager_page_initPages
                0x00006a98      0x29e manager_page.o
                0x00006a98                manager_page_initPages
 .text.manager_page_showPage
                0x00006d36       0xc4 manager_page.o
                0x00006d36                manager_page_showPage
 .text.change_record_page
                0x00006dfa       0x3a manager_page.o
                0x00006dfa                change_record_page
 .text.set_record_page
                0x00006e34       0x14 manager_page.o
                0x00006e34                set_record_page
 .text.showConfigMenu
                0x00006e48      0x11a manager_page.o
                0x00006e48                showConfigMenu
 .text.spim_init
                0x00006f62       0x14 spim.o
                0x00006f62                spim_init
 .text.SPI_send8b
                0x00006f76       0x1e spim.o
                0x00006f76                SPI_send8b
 .text.timer_search_get_target_time
                0x00006f94        0xa time_search.o
                0x00006f94                timer_search_get_target_time
 .text.timer_search_inc_target_time
                0x00006f9e       0x1c time_search.o
                0x00006f9e                timer_search_inc_target_time
 .text.timer_search_dec_target_time
                0x00006fba       0x1c time_search.o
                0x00006fba                timer_search_dec_target_time
 .text.timer_search_start_search
                0x00006fd6       0x42 time_search.o
                0x00006fd6                timer_search_start_search
 .text.timer_search_reset
                0x00007018       0x18 time_search.o
                0x00007018                timer_search_reset
 .text.timer_search_timer
                0x00007030      0x22a time_search.o
                0x00007030                timer_search_timer
 .text.libgcc.div
                0x0000725a       0x28 c:/program files (x86)/atmel/studio/7.0/toolchain/avr8/avr8-gnu-toolchain/bin/../lib/gcc/avr/5.4.0/avr5\libgcc.a(_divmodhi4.o)
                0x0000725a                _div
                0x0000725a                __divmodhi4
 .text.libgcc   0x00007282        0xc c:/program files (x86)/atmel/studio/7.0/toolchain/avr8/avr8-gnu-toolchain/bin/../lib/gcc/avr/5.4.0/avr5\libgcc.a(_tablejump2.o)
                0x00007282                __tablejump2__
 .text.libgcc.mul
                0x0000728e       0x1e c:/program files (x86)/atmel/studio/7.0/toolchain/avr8/avr8-gnu-toolchain/bin/../lib/gcc/avr/5.4.0/avr5\libgcc.a(_umulhisi3.o)
                0x0000728e                __umulhisi3
 .text.libgcc.div
                0x000072ac       0x28 c:/program files (x86)/atmel/studio/7.0/toolchain/avr8/avr8-gnu-toolchain/bin/../lib/gcc/avr/5.4.0/avr5\libgcc.a(_udivmodhi4.o)
                0x000072ac                __udivmodhi4
 .text.avr-libc.fplib
                0x000072d4       0x7a c:/program files (x86)/atmel/studio/7.0/toolchain/avr8/avr8-gnu-toolchain/bin/../lib/gcc/avr/5.4.0/../../../../avr/lib/avr5\libm.a(floatsisf.o)
                0x000072d4                __floatunsisf
                0x000072d8                __floatsisf
 .text.avr-libc.fplib
                0x0000734e        0xa c:/program files (x86)/atmel/studio/7.0/toolchain/avr8/avr8-gnu-toolchain/bin/../lib/gcc/avr/5.4.0/../../../../avr/lib/avr5\libm.a(gesf2.o)
                0x0000734e                __gesf2
                0x0000734e                __gtsf2
 .text.avr-libc.fplib
                0x00007358        0x8 c:/program files (x86)/atmel/studio/7.0/toolchain/avr8/avr8-gnu-toolchain/bin/../lib/gcc/avr/5.4.0/../../../../avr/lib/avr5\libm.a(mulsf3.o)
                0x00007358                __mulsf3
 .text.avr-libc.fplib
                0x00007360       0xd2 c:/program files (x86)/atmel/studio/7.0/toolchain/avr8/avr8-gnu-toolchain/bin/../lib/gcc/avr/5.4.0/../../../../avr/lib/avr5\libm.a(mulsf3x.o)
                0x0000737e                __mulsf3x
                0x00007384                __mulsf3_pse
 .text.avr-libc.fplib
                0x00007432       0x48 c:/program files (x86)/atmel/studio/7.0/toolchain/avr8/avr8-gnu-toolchain/bin/../lib/gcc/avr/5.4.0/../../../../avr/lib/avr5\libm.a(fp_cmp.o)
                0x00007432                __fp_cmp
 .text.avr-libc.fplib
                0x0000747a        0xc c:/program files (x86)/atmel/studio/7.0/toolchain/avr8/avr8-gnu-toolchain/bin/../lib/gcc/avr/5.4.0/../../../../avr/lib/avr5\libm.a(fp_inf.o)
                0x0000747a                __fp_inf
 .text.avr-libc.fplib
                0x00007486        0x6 c:/program files (x86)/atmel/studio/7.0/toolchain/avr8/avr8-gnu-toolchain/bin/../lib/gcc/avr/5.4.0/../../../../avr/lib/avr5\libm.a(fp_nan.o)
                0x00007486                __fp_nan
 .text.avr-libc.fplib
                0x0000748c        0xe c:/program files (x86)/atmel/studio/7.0/toolchain/avr8/avr8-gnu-toolchain/bin/../lib/gcc/avr/5.4.0/../../../../avr/lib/avr5\libm.a(fp_pscA.o)
                0x0000748c                __fp_pscA
 .text.avr-libc.fplib
                0x0000749a        0xe c:/program files (x86)/atmel/studio/7.0/toolchain/avr8/avr8-gnu-toolchain/bin/../lib/gcc/avr/5.4.0/../../../../avr/lib/avr5\libm.a(fp_pscB.o)
                0x0000749a                __fp_pscB
 .text.avr-libc.fplib
                0x000074a8       0x22 c:/program files (x86)/atmel/studio/7.0/toolchain/avr8/avr8-gnu-toolchain/bin/../lib/gcc/avr/5.4.0/../../../../avr/lib/avr5\libm.a(fp_round.o)
                0x000074a8                __fp_round
 .text.avr-libc.fplib
                0x000074ca       0x44 c:/program files (x86)/atmel/studio/7.0/toolchain/avr8/avr8-gnu-toolchain/bin/../lib/gcc/avr/5.4.0/../../../../avr/lib/avr5\libm.a(fp_split3.o)
                0x000074ca                __fp_split3
                0x000074da                __fp_splitA
 .text.avr-libc.fplib
                0x0000750e        0xe c:/program files (x86)/atmel/studio/7.0/toolchain/avr8/avr8-gnu-toolchain/bin/../lib/gcc/avr/5.4.0/../../../../avr/lib/avr5\libm.a(fp_zero.o)
                0x0000750e                __fp_zero
                0x00007510                __fp_szero
 .text.avr-libc
                0x0000751c       0xb8 c:/program files (x86)/atmel/studio/7.0/toolchain/avr8/avr8-gnu-toolchain/bin/../lib/gcc/avr/5.4.0/../../../../avr/lib/avr5\libc.a(rand.o)
                0x000075ae                rand_r
                0x000075b4                rand
                0x000075be                srand
 .text.avr-libc
                0x000075d4        0xe c:/program files (x86)/atmel/studio/7.0/toolchain/avr8/avr8-gnu-toolchain/bin/../lib/gcc/avr/5.4.0/../../../../avr/lib/avr5\libc.a(strcpy_P.o)
                0x000075d4                strcpy_P
 .text.avr-libc
                0x000075e2       0x12 c:/program files (x86)/atmel/studio/7.0/toolchain/avr8/avr8-gnu-toolchain/bin/../lib/gcc/avr/5.4.0/../../../../avr/lib/avr5\libc.a(strlen_P.o)
                0x000075e2                __strlen_P
 .text.avr-libc
                0x000075f4        0xe c:/program files (x86)/atmel/studio/7.0/toolchain/avr8/avr8-gnu-toolchain/bin/../lib/gcc/avr/5.4.0/../../../../avr/lib/avr5\libc.a(memset.o)
                0x000075f4                memset
 .text.avr-libc
                0x00007602       0x16 c:/program files (x86)/atmel/studio/7.0/toolchain/avr8/avr8-gnu-toolchain/bin/../lib/gcc/avr/5.4.0/../../../../avr/lib/avr5\libc.a(strcat.o)
                0x00007602                strcat
 .text.avr-libc
                0x00007618       0x16 c:/program files (x86)/atmel/studio/7.0/toolchain/avr8/avr8-gnu-toolchain/bin/../lib/gcc/avr/5.4.0/../../../../avr/lib/avr5\libc.a(itoa_ncheck.o)
                0x00007618                __itoa_ncheck
 .text.avr-libc
                0x0000762e       0x34 c:/program files (x86)/atmel/studio/7.0/toolchain/avr8/avr8-gnu-toolchain/bin/../lib/gcc/avr/5.4.0/../../../../avr/lib/avr5\libc.a(utoa_ncheck.o)
                0x0000762e                __utoa_ncheck
                0x00007630                __utoa_common
 .text.avr-libc
                0x00007662       0x58 c:/program files (x86)/atmel/studio/7.0/toolchain/avr8/avr8-gnu-toolchain/bin/../lib/gcc/avr/5.4.0/../../../../avr/lib/avr5\libc.a(vsnprintf.o)
                0x00007662                vsnprintf
 .text.avr-libc
                0x000076ba      0x3c2 c:/program files (x86)/atmel/studio/7.0/toolchain/avr8/avr8-gnu-toolchain/bin/../lib/gcc/avr/5.4.0/../../../../avr/lib/avr5\libc.a(vfprintf_std.o)
                0x000076ba                vfprintf
 .text.avr-libc
                0x00007a7c       0x16 c:/program files (x86)/atmel/studio/7.0/toolchain/avr8/avr8-gnu-toolchain/bin/../lib/gcc/avr/5.4.0/../../../../avr/lib/avr5\libc.a(strnlen_P.o)
                0x00007a7c                strnlen_P
 .text.avr-libc
                0x00007a92       0x16 c:/program files (x86)/atmel/studio/7.0/toolchain/avr8/avr8-gnu-toolchain/bin/../lib/gcc/avr/5.4.0/../../../../avr/lib/avr5\libc.a(strnlen.o)
                0x00007a92                strnlen
 .text.avr-libc
                0x00007aa8       0x20 c:/program files (x86)/atmel/studio/7.0/toolchain/avr8/avr8-gnu-toolchain/bin/../lib/gcc/avr/5.4.0/../../../../avr/lib/avr5\libc.a(strrev.o)
                0x00007aa8                strrev
 .text.avr-libc
                0x00007ac8       0x78 c:/program files (x86)/atmel/studio/7.0/toolchain/avr8/avr8-gnu-toolchain/bin/../lib/gcc/avr/5.4.0/../../../../avr/lib/avr5\libc.a(fputc.o)
                0x00007ac8                fputc
 .text.avr-libc
                0x00007b40       0xbc c:/program files (x86)/atmel/studio/7.0/toolchain/avr8/avr8-gnu-toolchain/bin/../lib/gcc/avr/5.4.0/../../../../avr/lib/avr5\libc.a(ultoa_invert.o)
                0x00007b40                __ultoa_invert
 .text.libgcc.div
                0x00007bfc       0x2e c:/program files (x86)/atmel/studio/7.0/toolchain/avr8/avr8-gnu-toolchain/bin/../lib/gcc/avr/5.4.0/avr5\libgcc.a(_divmodsi4.o)
                0x00007bfc                __divmodsi4
 .text.libgcc.div
                0x00007c2a       0x10 c:/program files (x86)/atmel/studio/7.0/toolchain/avr8/avr8-gnu-toolchain/bin/../lib/gcc/avr/5.4.0/avr5\libgcc.a(_negsi2.o)
                0x00007c2a                __negsi2
 .text.libgcc.mul
                0x00007c3a       0x16 c:/program files (x86)/atmel/studio/7.0/toolchain/avr8/avr8-gnu-toolchain/bin/../lib/gcc/avr/5.4.0/avr5\libgcc.a(_muluhisi3.o)
                0x00007c3a                __muluhisi3
 .text.libgcc.mul
                0x00007c50       0x10 c:/program files (x86)/atmel/studio/7.0/toolchain/avr8/avr8-gnu-toolchain/bin/../lib/gcc/avr/5.4.0/avr5\libgcc.a(_mulshisi3.o)
                0x00007c50                __mulshisi3
                0x00007c56                __mulohisi3
 .text.libgcc.prologue
                0x00007c60       0x38 c:/program files (x86)/atmel/studio/7.0/toolchain/avr8/avr8-gnu-toolchain/bin/../lib/gcc/avr/5.4.0/avr5\libgcc.a(_prologue.o)
                0x00007c60                __prologue_saves__
 .text.libgcc.prologue
                0x00007c98       0x36 c:/program files (x86)/atmel/studio/7.0/toolchain/avr8/avr8-gnu-toolchain/bin/../lib/gcc/avr/5.4.0/avr5\libgcc.a(_epilogue.o)
                0x00007c98                __epilogue_restores__
 .text.libgcc.div
                0x00007cce       0x44 c:/program files (x86)/atmel/studio/7.0/toolchain/avr8/avr8-gnu-toolchain/bin/../lib/gcc/avr/5.4.0/avr5\libgcc.a(_udivmodsi4.o)
                0x00007cce                __udivmodsi4
                0x00007d12                . = ALIGN (0x2)
 *(.fini9)
 .fini9         0x00007d12        0x0 c:/program files (x86)/atmel/studio/7.0/toolchain/avr8/avr8-gnu-toolchain/bin/../lib/gcc/avr/5.4.0/avr5\libgcc.a(_exit.o)
                0x00007d12                _exit
                0x00007d12                exit
 *(.fini9)
 *(.fini8)
 *(.fini8)
 *(.fini7)
 *(.fini7)
 *(.fini6)
 *(.fini6)
 *(.fini5)
 *(.fini5)
 *(.fini4)
 *(.fini4)
 *(.fini3)
 *(.fini3)
 *(.fini2)
 *(.fini2)
 *(.fini1)
 *(.fini1)
 *(.fini0)
 .fini0         0x00007d12        0x4 c:/program files (x86)/atmel/studio/7.0/toolchain/avr8/avr8-gnu-toolchain/bin/../lib/gcc/avr/5.4.0/avr5\libgcc.a(_exit.o)
 *(.fini0)
                0x00007d16                _etext = .

.data           0x00800100       0x7a load address 0x00007d16
                0x00800100                PROVIDE (__data_start, .)
 *(.data)
 .data          0x00800100        0x4 c:/program files (x86)/atmel/studio/7.0/toolchain/avr8/avr8-gnu-toolchain/bin/../lib/gcc/avr/5.4.0/../../../../avr/lib/avr5\libc.a(rand.o)
 *(.data*)
 .data.up_down.2848
                0x00800104        0x1 anim.o
 .data.anim_inc.2794
                0x00800105        0x1 anim.o
 .data.level_right.2816
                0x00800106        0x1 Pages/page_level.o
 .data.level_left.2815
                0x00800107        0x1 Pages/page_level.o
 .data.current_freq
                0x00800108        0x1 Pages/page_level.o
 .data.current_param
                0x00800109        0x1 Pages/page_servo_config.o
 .data.current_select
                0x0080010a        0x1 Pages/page_speed.o
 .data.current_param
                0x0080010b        0x1 Pages/page_tension_config.o
 .data.eq_timer.2807
                0x0080010c        0x1 Pages/page_timer.o
 .data.up_down.2854
                0x0080010d        0x1 i2c.o
 .data.system_code_eepprom_address
                0x0080010e        0x2 ir_contr.o
                0x0080010e                system_code_eepprom_address
 .data.current_page.2792
                0x00800110        0x1 manager_page.o
 .data.stop_coef.2801
                0x00800111        0x1 time_search.o
 .data.step_search
                0x00800112        0x1 time_search.o
 *(.gnu.linkonce.d*)
 *(.rodata)
 *(.rodata*)
 .rodata.str1.1
                0x00800113       0x11 Display/disp1color.o
                                 0x14 (size before relaxing)
 .rodata.font_table_funcs
                0x00800124        0x4 Display/font.o
                0x00800124                font_table_funcs
 .rodata.str1.1
                0x00800128       0x10 Pages/page_fft.o
 .rodata.gen_freq_arr
                0x00800138        0xa Pages/page_fft.o
 .rodata.str1.1
                0x00800142        0x8 Pages/page_level.o
 .rodata.str1.1
                0x00800142        0x3 Pages/page_menu.o
 .rodata.str1.1
                0x00800142       0x10 Pages/page_off.o
 .rodata.str1.1
                0x00800152       0x1d Pages/page_timer.o
                                 0x34 (size before relaxing)
 .rodata.str1.1
                0x0080016f        0x7 i2c.o
 .rodata.rec_num_pages
                0x00800176        0x3 manager_page.o
 *(.gnu.linkonce.r*)
                0x0080017a                . = ALIGN (0x2)
 *fill*         0x00800179        0x1 
                0x0080017a                _edata = .
                0x0080017a                PROVIDE (__data_end, .)

.bss            0x0080017a      0x68e
                0x0080017a                PROVIDE (__bss_start, .)
 *(.bss)
 *(.bss*)
 .bss.wait_count.2797
                0x0080017a        0x1 buttons.o
 .bss.vu_config_loaded
                0x0080017b        0x1 buttons.o
 .bss.off_timer_inc
                0x0080017c        0x2 buttons.o
 .bss.button_timer_fast
                0x0080017e        0x1 buttons.o
 .bss.button_timer
                0x0080017f        0x1 buttons.o
 .bss.wait_mode.2792
                0x00800180        0x1 buttons_adc.o
 .bss.little_inc.2791
                0x00800181        0x1 buttons_adc.o
 .bss.rec_mode_inc
                0x00800182        0x1 buttons_adc.o
 .bss.adc_pressed
                0x00800183        0x1 buttons_adc.o
 .bss.wait_gen  0x00800184        0x1 Pages/page_fft.o
 .bss.need_wait_gen
                0x00800185        0x1 Pages/page_fft.o
 .bss.freq_gen_sended
                0x00800186        0x1 Pages/page_fft.o
 .bss.current_gen_freq
                0x00800187        0x1 Pages/page_fft.o
 .bss.current_select
                0x00800188        0x1 Pages/page_fft.o
 .bss.current_channel
                0x00800189        0x1 Pages/page_fft.o
 .bss.f20k      0x0080018a        0x1 Pages/page_fft.o
 .bss.f16k      0x0080018b        0x1 Pages/page_fft.o
 .bss.f14k      0x0080018c        0x1 Pages/page_fft.o
 .bss.f12k      0x0080018d        0x1 Pages/page_fft.o
 .bss.f10k      0x0080018e        0x1 Pages/page_fft.o
 .bss.f6k       0x0080018f        0x1 Pages/page_fft.o
 .bss.f1k       0x00800190        0x1 Pages/page_fft.o
 .bss.f350      0x00800191        0x1 Pages/page_fft.o
 .bss.f100      0x00800192        0x1 Pages/page_fft.o
 .bss.f50       0x00800193        0x1 Pages/page_fft.o
 .bss.current_select
                0x00800194        0x1 Pages/page_level.o
 .bss.current_page
                0x00800195        0x1 Pages/page_menu.o
 .bss.current_select
                0x00800196        0x1 Pages/page_menu.o
 .bss.line_bias.2793
                0x00800197        0x1 Pages/page_off.o
 .bss.height_bias.2792
                0x00800198        0x1 Pages/page_off.o
 .bss.current_param_change
                0x00800199        0x2 Pages/page_servo_config.o
 .bss.current_servo
                0x0080019b        0x1 Pages/page_servo_config.o
 .bss.current_param_change
                0x0080019c        0x2 Pages/page_tension_config.o
 .bss.current_pid
                0x0080019e        0x1 Pages/page_tension_config.o
 .bss.in_process_inc.2810
                0x0080019f        0x1 Pages/page_timer.o
 .bss.current_select
                0x008001a0        0x1 Pages/page_vu.o
 .bss.debug_led_enable.2788
                0x008001a1        0x1 debug_functions.o
 .bss.mute_delay.2853
                0x008001a2        0x1 i2c.o
 .bss.byte_dto  0x008001a3        0x2 i2c.o
 .bss.i2c_stop  0x008001a5        0x1 i2c.o
 .bss.system_code_saved
                0x008001a6        0x4 ir_contr.o
                0x008001a6                system_code_saved
 .bss.buttons_timer_inc
                0x008001aa        0x1 main.o
 .bss.timer_inc
                0x008001ab        0x1 main.o
 .bss.rec_page_inc
                0x008001ac        0x1 manager_page.o
 .bss.motor_speed.2800
                0x008001ad        0x1 time_search.o
 .bss.wait.2799
                0x008001ae        0x1 time_search.o
 .bss.search_real_target_time
                0x008001af        0x2 time_search.o
 .bss.search_target_time
                0x008001b1        0x2 time_search.o
 *(COMMON)
 COMMON         0x008001b3      0x1db anim.o
                0x008001b3                i2c_byte_d
                0x008001b5                timer
                0x008001bf                i2c_data
                0x008001dd                query_list
                0x00800249                audio_level
                0x0080024c                vu_menu
                0x0080025c                page_list
                0x008002e0                current
                0x008002f6                IR_impulse_count
                0x008002f7                debug_string
                0x008002ff                REC_MENU_PAGES
                0x00800302                IR_wait
                0x00800303                page_menu
                0x00800315                ir_button_list
                0x00800341                button_list
 COMMON         0x0080038e      0x400 Display/disp1color.o
                0x0080038e                disp1color_buff
 COMMON         0x0080078e       0x22 Display/f10x16f.o
                0x0080078e                f10x16f_charbuff
 COMMON         0x008007b0        0xa Display/f6x8m.o
                0x008007b0                f6x8_charbuff
 COMMON         0x008007ba        0x2 Display/ssd1306.o
                0x008007ba                SSD1306_Height
                0x008007bb                SSD1306_Width
 COMMON         0x008007bc       0x28 Pages/page_servo_config.o
                0x008007bc                servo_names
                0x008007c4                menu_servo_params
 COMMON         0x008007e4       0x12 Pages/page_tension_config.o
                0x008007e4                menu_pid_params
                0x008007f0                tension_pid_type_names
 COMMON         0x008007f6        0xa i2c.o
                0x008007f6                i2c_byte_dto
                0x008007f8                debug_str_tmp
 COMMON         0x00800800        0x8 ir_contr.o
                0x00800800                ir_code
                0x00800801                binding_mode
                0x00800802                button
                0x00800803                system_code
                0x00800805                i
                0x00800806                End_bit
                0x00800807                IR_i
                0x00800808                PROVIDE (__bss_end, .)
                0x00007d16                __data_load_start = LOADADDR (.data)
                0x00007d90                __data_load_end = (__data_load_start + SIZEOF (.data))

.noinit         0x00800808        0x0
                [!provide]                PROVIDE (__noinit_start, .)
 *(.noinit*)
                [!provide]                PROVIDE (__noinit_end, .)
                0x00800808                _end = .
                [!provide]                PROVIDE (__heap_start, .)

.eeprom         0x00810000        0x0
 *(.eeprom*)
                0x00810000                __eeprom_end = .

.fuse
 *(.fuse)
 *(.lfuse)
 *(.hfuse)
 *(.efuse)

.lock
 *(.lock*)

.signature
 *(.signature*)

.user_signatures
 *(.user_signatures*)

.stab
 *(.stab)

.stabstr
 *(.stabstr)

.stab.excl
 *(.stab.excl)

.stab.exclstr
 *(.stab.exclstr)

.stab.index
 *(.stab.index)

.stab.indexstr
 *(.stab.indexstr)

.comment        0x00000000       0x5c
 *(.comment)
 .comment       0x00000000       0x30 anim.o
                                 0x31 (size before relaxing)
 .comment       0x00000030       0x31 buttons.o
 .comment       0x00000030       0x31 buttons_adc.o
 .comment       0x00000030       0x31 Display/disp1color.o
 .comment       0x00000030       0x31 Display/f10x16f.o
 .comment       0x00000030       0x31 Display/f6x8m.o
 .comment       0x00000030       0x31 Display/font.o
 .comment       0x00000030       0x31 Display/ssd1306.o
 .comment       0x00000030       0x31 Pages/page_fft.o
 .comment       0x00000030       0x31 Pages/page_ir.o
 .comment       0x00000030       0x31 Pages/page_level.o
 .comment       0x00000030       0x31 Pages/page_menu.o
 .comment       0x00000030       0x31 Pages/page_off.o
 .comment       0x00000030       0x31 Pages/page_servo_config.o
 .comment       0x00000030       0x31 Pages/page_speed.o
 .comment       0x00000030       0x31 Pages/page_tension_config.o
 .comment       0x00000030       0x31 Pages/page_timer.o
 .comment       0x00000030       0x31 Pages/page_vu.o
 .comment       0x00000030       0x31 counter.o
 .comment       0x00000030       0x31 debug_functions.o
 .comment       0x00000030       0x31 eeprom.o
 .comment       0x00000030       0x31 adc.o
 .comment       0x00000030       0x31 i2c.o
 .comment       0x00000030       0x31 ir_contr.o
 .comment       0x00000030       0x31 main.o
 .comment       0x00000030       0x31 manager_page.o
 .comment       0x00000030       0x31 spim.o
 .comment       0x00000030       0x31 time_search.o
 .comment       0x00000030       0x31 c:/program files (x86)/atmel/studio/7.0/toolchain/avr8/avr8-gnu-toolchain/bin/../lib/gcc/avr/5.4.0/../../../../avr/lib/avr5\libc.a(rand.o)
 .comment       0x00000030       0x31 c:/program files (x86)/atmel/studio/7.0/toolchain/avr8/avr8-gnu-toolchain/bin/../lib/gcc/avr/5.4.0/../../../../avr/lib/avr5\libc.a(vsnprintf.o)
 .comment       0x00000030       0x2c c:/program files (x86)/atmel/studio/7.0/toolchain/avr8/avr8-gnu-toolchain/bin/../lib/gcc/avr/5.4.0/../../../../avr/lib/avr5\libc.a(vfprintf_std.o)
                                 0x2d (size before relaxing)
 .comment       0x0000005c       0x31 c:/program files (x86)/atmel/studio/7.0/toolchain/avr8/avr8-gnu-toolchain/bin/../lib/gcc/avr/5.4.0/../../../../avr/lib/avr5\libc.a(fputc.o)

.note.gnu.avr.deviceinfo
                0x00000000       0x40
 .note.gnu.avr.deviceinfo
                0x00000000       0x40 C:/Program Files (x86)/Atmel/Studio/7.0/Packs/atmel/ATmega_DFP/1.2.150/gcc/dev/atmega328p/avr5/crtatmega328p.o

.note.gnu.build-id
 *(.note.gnu.build-id)

.debug
 *(.debug)

.line
 *(.line)

.debug_srcinfo
 *(.debug_srcinfo)

.debug_sfnames
 *(.debug_sfnames)

.debug_aranges  0x00000000      0x8f0
 *(.debug_aranges)
 .debug_aranges
                0x00000000       0x28 anim.o
 .debug_aranges
                0x00000028       0x70 buttons.o
 .debug_aranges
                0x00000098       0x30 buttons_adc.o
 .debug_aranges
                0x000000c8       0xe8 Display/disp1color.o
 .debug_aranges
                0x000001b0       0x20 Display/f10x16f.o
 .debug_aranges
                0x000001d0       0x20 Display/f6x8m.o
 .debug_aranges
                0x000001f0       0x30 Display/font.o
 .debug_aranges
                0x00000220      0x100 Display/ssd1306.o
 .debug_aranges
                0x00000320       0x50 Pages/page_fft.o
 .debug_aranges
                0x00000370       0x48 Pages/page_ir.o
 .debug_aranges
                0x000003b8       0x48 Pages/page_level.o
 .debug_aranges
                0x00000400       0x48 Pages/page_menu.o
 .debug_aranges
                0x00000448       0x48 Pages/page_off.o
 .debug_aranges
                0x00000490       0x50 Pages/page_servo_config.o
 .debug_aranges
                0x000004e0       0x48 Pages/page_speed.o
 .debug_aranges
                0x00000528       0x50 Pages/page_tension_config.o
 .debug_aranges
                0x00000578       0x48 Pages/page_timer.o
 .debug_aranges
                0x000005c0       0x48 Pages/page_vu.o
 .debug_aranges
                0x00000608       0x38 counter.o
 .debug_aranges
                0x00000640       0x20 debug_functions.o
 .debug_aranges
                0x00000660       0x48 eeprom.o
 .debug_aranges
                0x000006a8       0x38 adc.o
 .debug_aranges
                0x000006e0       0xd8 i2c.o
 .debug_aranges
                0x000007b8       0x38 ir_contr.o
 .debug_aranges
                0x000007f0       0x38 main.o
 .debug_aranges
                0x00000828       0x40 manager_page.o
 .debug_aranges
                0x00000868       0x40 spim.o
 .debug_aranges
                0x000008a8       0x48 time_search.o

.debug_pubnames
 *(.debug_pubnames)

.debug_info     0x00000000    0x14a03
 *(.debug_info .gnu.linkonce.wi.*)
 .debug_info    0x00000000      0x5f4 C:/Program Files (x86)/Atmel/Studio/7.0/Packs/atmel/ATmega_DFP/1.2.150/gcc/dev/atmega328p/avr5/crtatmega328p.o
 .debug_info    0x000005f4     0x113f anim.o
 .debug_info    0x00001733      0xa78 buttons.o
 .debug_info    0x000021ab      0xadb buttons_adc.o
 .debug_info    0x00002c86     0x25c1 Display/disp1color.o
 .debug_info    0x00005247      0x728 Display/f10x16f.o
 .debug_info    0x0000596f      0x728 Display/f6x8m.o
 .debug_info    0x00006097      0x79e Display/font.o
 .debug_info    0x00006835     0x1225 Display/ssd1306.o
 .debug_info    0x00007a5a      0xf2c Pages/page_fft.o
 .debug_info    0x00008986      0x7f4 Pages/page_ir.o
 .debug_info    0x0000917a      0xf1d Pages/page_level.o
 .debug_info    0x0000a097      0x90a Pages/page_menu.o
 .debug_info    0x0000a9a1      0x99d Pages/page_off.o
 .debug_info    0x0000b33e      0xabc Pages/page_servo_config.o
 .debug_info    0x0000bdfa      0xae0 Pages/page_speed.o
 .debug_info    0x0000c8da      0xa19 Pages/page_tension_config.o
 .debug_info    0x0000d2f3      0x8ae Pages/page_timer.o
 .debug_info    0x0000dba1      0x97b Pages/page_vu.o
 .debug_info    0x0000e51c      0x7a1 counter.o
 .debug_info    0x0000ecbd      0x6cf debug_functions.o
 .debug_info    0x0000f38c      0x8c2 eeprom.o
 .debug_info    0x0000fc4e      0x73d adc.o
 .debug_info    0x0001038b     0x1673 i2c.o
 .debug_info    0x000119fe      0xb24 ir_contr.o
 .debug_info    0x00012522      0xa40 main.o
 .debug_info    0x00012f62      0xa3e manager_page.o
 .debug_info    0x000139a0      0x81b spim.o
 .debug_info    0x000141bb      0x848 time_search.o

.debug_abbrev   0x00000000     0x39f6
 *(.debug_abbrev)
 .debug_abbrev  0x00000000      0x5a2 C:/Program Files (x86)/Atmel/Studio/7.0/Packs/atmel/ATmega_DFP/1.2.150/gcc/dev/atmega328p/avr5/crtatmega328p.o
 .debug_abbrev  0x000005a2      0x178 anim.o
 .debug_abbrev  0x0000071a      0x242 buttons.o
 .debug_abbrev  0x0000095c      0x202 buttons_adc.o
 .debug_abbrev  0x00000b5e      0x2e4 Display/disp1color.o
 .debug_abbrev  0x00000e42      0x11f Display/f10x16f.o
 .debug_abbrev  0x00000f61      0x11f Display/f6x8m.o
 .debug_abbrev  0x00001080      0x11e Display/font.o
 .debug_abbrev  0x0000119e      0x243 Display/ssd1306.o
 .debug_abbrev  0x000013e1      0x23d Pages/page_fft.o
 .debug_abbrev  0x0000161e      0x174 Pages/page_ir.o
 .debug_abbrev  0x00001792      0x200 Pages/page_level.o
 .debug_abbrev  0x00001992      0x228 Pages/page_menu.o
 .debug_abbrev  0x00001bba      0x1ce Pages/page_off.o
 .debug_abbrev  0x00001d88      0x251 Pages/page_servo_config.o
 .debug_abbrev  0x00001fd9      0x1a8 Pages/page_speed.o
 .debug_abbrev  0x00002181      0x22a Pages/page_tension_config.o
 .debug_abbrev  0x000023ab      0x1ab Pages/page_timer.o
 .debug_abbrev  0x00002556      0x273 Pages/page_vu.o
 .debug_abbrev  0x000027c9      0x15e counter.o
 .debug_abbrev  0x00002927       0xed debug_functions.o
 .debug_abbrev  0x00002a14      0x183 eeprom.o
 .debug_abbrev  0x00002b97      0x14f adc.o
 .debug_abbrev  0x00002ce6      0x3fb i2c.o
 .debug_abbrev  0x000030e1      0x226 ir_contr.o
 .debug_abbrev  0x00003307      0x1f8 main.o
 .debug_abbrev  0x000034ff      0x237 manager_page.o
 .debug_abbrev  0x00003736      0x13d spim.o
 .debug_abbrev  0x00003873      0x183 time_search.o

.debug_line     0x00000000     0xd28a
 *(.debug_line .debug_line.* .debug_line_end)
 .debug_line    0x00000000      0x133 C:/Program Files (x86)/Atmel/Studio/7.0/Packs/atmel/ATmega_DFP/1.2.150/gcc/dev/atmega328p/avr5/crtatmega328p.o
 .debug_line    0x00000133      0x7bd anim.o
 .debug_line    0x000008f0      0x943 buttons.o
 .debug_line    0x00001233      0x819 buttons_adc.o
 .debug_line    0x00001a4c      0xd3f Display/disp1color.o
 .debug_line    0x0000278b      0x56c Display/f10x16f.o
 .debug_line    0x00002cf7      0x58b Display/f6x8m.o
 .debug_line    0x00003282      0x591 Display/font.o
 .debug_line    0x00003813      0x9ae Display/ssd1306.o
 .debug_line    0x000041c1      0x898 Pages/page_fft.o
 .debug_line    0x00004a59      0x5cc Pages/page_ir.o
 .debug_line    0x00005025      0x7f4 Pages/page_level.o
 .debug_line    0x00005819      0x67c Pages/page_menu.o
 .debug_line    0x00005e95      0x657 Pages/page_off.o
 .debug_line    0x000064ec      0x79b Pages/page_servo_config.o
 .debug_line    0x00006c87      0x6f4 Pages/page_speed.o
 .debug_line    0x0000737b      0x70f Pages/page_tension_config.o
 .debug_line    0x00007a8a      0x72d Pages/page_timer.o
 .debug_line    0x000081b7      0x6be Pages/page_vu.o
 .debug_line    0x00008875      0x701 counter.o
 .debug_line    0x00008f76      0x569 debug_functions.o
 .debug_line    0x000094df      0x612 eeprom.o
 .debug_line    0x00009af1      0x5db adc.o
 .debug_line    0x0000a0cc      0xca4 i2c.o
 .debug_line    0x0000ad70      0x881 ir_contr.o
 .debug_line    0x0000b5f1      0x733 main.o
 .debug_line    0x0000bd24      0x833 manager_page.o
 .debug_line    0x0000c557      0x639 spim.o
 .debug_line    0x0000cb90      0x6fa time_search.o

.debug_frame    0x00000000     0x1bac
 *(.debug_frame)
 .debug_frame   0x00000000       0x80 anim.o
 .debug_frame   0x00000080      0x144 buttons.o
 .debug_frame   0x000001c4       0x58 buttons_adc.o
 .debug_frame   0x0000021c      0x4cc Display/disp1color.o
 .debug_frame   0x000006e8       0x24 Display/f10x16f.o
 .debug_frame   0x0000070c       0x24 Display/f6x8m.o
 .debug_frame   0x00000730       0x44 Display/font.o
 .debug_frame   0x00000774      0x2c4 Display/ssd1306.o
 .debug_frame   0x00000a38       0xdc Pages/page_fft.o
 .debug_frame   0x00000b14       0x84 Pages/page_ir.o
 .debug_frame   0x00000b98       0xc8 Pages/page_level.o
 .debug_frame   0x00000c60       0xc4 Pages/page_menu.o
 .debug_frame   0x00000d24       0xa8 Pages/page_off.o
 .debug_frame   0x00000dcc       0xb4 Pages/page_servo_config.o
 .debug_frame   0x00000e80       0x98 Pages/page_speed.o
 .debug_frame   0x00000f18       0xbc Pages/page_tension_config.o
 .debug_frame   0x00000fd4      0x254 Pages/page_timer.o
 .debug_frame   0x00001228       0xd0 Pages/page_vu.o
 .debug_frame   0x000012f8       0x54 counter.o
 .debug_frame   0x0000134c       0x24 debug_functions.o
 .debug_frame   0x00001370       0xd0 eeprom.o
 .debug_frame   0x00001440       0x64 adc.o
 .debug_frame   0x000014a4      0x410 i2c.o
 .debug_frame   0x000018b4       0xc8 ir_contr.o
 .debug_frame   0x0000197c       0x60 main.o
 .debug_frame   0x000019dc       0xd4 manager_page.o
 .debug_frame   0x00001ab0       0x64 spim.o
 .debug_frame   0x00001b14       0x98 time_search.o

.debug_str      0x00000000     0xd46c
 *(.debug_str)
 .debug_str     0x00000000      0x208 C:/Program Files (x86)/Atmel/Studio/7.0/Packs/atmel/ATmega_DFP/1.2.150/gcc/dev/atmega328p/avr5/crtatmega328p.o
 .debug_str     0x00000208     0xb356 anim.o
                               0xb56e (size before relaxing)
 .debug_str     0x0000b55e      0x159 buttons.o
                               0xb615 (size before relaxing)
 .debug_str     0x0000b6b7      0x111 buttons_adc.o
                               0xb5c4 (size before relaxing)
 .debug_str     0x0000b7c8      0x7fa Display/disp1color.o
                               0xbd8c (size before relaxing)
 .debug_str     0x0000bfc2       0x96 Display/f10x16f.o
                               0xb4fa (size before relaxing)
 .debug_str     0x0000c058       0x80 Display/f6x8m.o
                               0xb4e4 (size before relaxing)
 .debug_str     0x0000c0d8       0x32 Display/font.o
                               0xb56e (size before relaxing)
 .debug_str     0x0000c10a      0x3e1 Display/ssd1306.o
                               0xbe4b (size before relaxing)
 .debug_str     0x0000c4eb      0x197 Pages/page_fft.o
                               0xb66b (size before relaxing)
 .debug_str     0x0000c682       0x71 Pages/page_ir.o
                               0xb4fa (size before relaxing)
 .debug_str     0x0000c6f3       0xd7 Pages/page_level.o
                               0xb616 (size before relaxing)
 .debug_str     0x0000c7ca       0xbd Pages/page_menu.o
                               0xb571 (size before relaxing)
 .debug_str     0x0000c887       0x97 Pages/page_off.o
                               0xb575 (size before relaxing)
 .debug_str     0x0000c91e      0x1b0 Pages/page_servo_config.o
                               0xb6ad (size before relaxing)
 .debug_str     0x0000cace       0xe0 Pages/page_speed.o
                               0xb5b8 (size before relaxing)
 .debug_str     0x0000cbae      0x16e Pages/page_tension_config.o
                               0xb66c (size before relaxing)
 .debug_str     0x0000cd1c      0x16f Pages/page_timer.o
                               0xb5db (size before relaxing)
 .debug_str     0x0000ce8b       0xbb Pages/page_vu.o
                               0xb567 (size before relaxing)
 .debug_str     0x0000cf46       0x60 counter.o
                               0xb4cb (size before relaxing)
 .debug_str     0x0000cfa6       0x32 debug_functions.o
                               0xb491 (size before relaxing)
 .debug_str     0x0000cfd8       0x80 eeprom.o
                               0xb4e8 (size before relaxing)
 .debug_str     0x0000d058       0x30 adc.o
                               0xb4a8 (size before relaxing)
 .debug_str     0x0000d088      0x1f0 i2c.o
                               0xb915 (size before relaxing)
 .debug_str     0x0000d278       0xb5 ir_contr.o
                               0xb617 (size before relaxing)
 .debug_str     0x0000d32d       0x50 main.o
                               0xb600 (size before relaxing)
 .debug_str     0x0000d37d       0x45 manager_page.o
                               0xb623 (size before relaxing)
 .debug_str     0x0000d3c2       0x2f spim.o
                               0xb4a9 (size before relaxing)
 .debug_str     0x0000d3f1       0x7b time_search.o
                               0xb576 (size before relaxing)

.debug_loc      0x00000000     0x7148
 *(.debug_loc)
 .debug_loc     0x00000000      0x69d anim.o
 .debug_loc     0x0000069d      0x3d6 buttons.o
 .debug_loc     0x00000a73      0x3c1 buttons_adc.o
 .debug_loc     0x00000e34     0x1a82 Display/disp1color.o
 .debug_loc     0x000028b6       0x84 Display/f10x16f.o
 .debug_loc     0x0000293a       0x81 Display/f6x8m.o
 .debug_loc     0x000029bb       0xa7 Display/font.o
 .debug_loc     0x00002a62      0xa35 Display/ssd1306.o
 .debug_loc     0x00003497      0x191 Pages/page_fft.o
 .debug_loc     0x00003628       0x68 Pages/page_ir.o
 .debug_loc     0x00003690      0x187 Pages/page_level.o
 .debug_loc     0x00003817      0x1fa Pages/page_menu.o
 .debug_loc     0x00003a11      0x153 Pages/page_off.o
 .debug_loc     0x00003b64      0x1be Pages/page_servo_config.o
 .debug_loc     0x00003d22       0xe5 Pages/page_speed.o
 .debug_loc     0x00003e07      0x190 Pages/page_tension_config.o
 .debug_loc     0x00003f97      0x7f4 Pages/page_timer.o
 .debug_loc     0x0000478b      0x1d6 Pages/page_vu.o
 .debug_loc     0x00004961      0x177 counter.o
 .debug_loc     0x00004ad8      0x320 eeprom.o
 .debug_loc     0x00004df8       0xcb adc.o
 .debug_loc     0x00004ec3     0x1895 i2c.o
 .debug_loc     0x00006758      0x302 ir_contr.o
 .debug_loc     0x00006a5a       0xf9 main.o
 .debug_loc     0x00006b53      0x316 manager_page.o
 .debug_loc     0x00006e69      0x24f spim.o
 .debug_loc     0x000070b8       0x90 time_search.o

.debug_macinfo
 *(.debug_macinfo)

.debug_weaknames
 *(.debug_weaknames)

.debug_funcnames
 *(.debug_funcnames)

.debug_typenames
 *(.debug_typenames)

.debug_varnames
 *(.debug_varnames)

.debug_pubtypes
 *(.debug_pubtypes)

.debug_ranges   0x00000000      0x910
 *(.debug_ranges)
 .debug_ranges  0x00000000       0x18 anim.o
 .debug_ranges  0x00000018       0x60 buttons.o
 .debug_ranges  0x00000078       0x20 buttons_adc.o
 .debug_ranges  0x00000098      0x178 Display/disp1color.o
 .debug_ranges  0x00000210       0x10 Display/f10x16f.o
 .debug_ranges  0x00000220       0x10 Display/f6x8m.o
 .debug_ranges  0x00000230       0x20 Display/font.o
 .debug_ranges  0x00000250       0xf0 Display/ssd1306.o
 .debug_ranges  0x00000340       0x40 Pages/page_fft.o
 .debug_ranges  0x00000380       0x38 Pages/page_ir.o
 .debug_ranges  0x000003b8       0x38 Pages/page_level.o
 .debug_ranges  0x000003f0       0x50 Pages/page_menu.o
 .debug_ranges  0x00000440       0x38 Pages/page_off.o
 .debug_ranges  0x00000478       0x40 Pages/page_servo_config.o
 .debug_ranges  0x000004b8       0x38 Pages/page_speed.o
 .debug_ranges  0x000004f0       0x40 Pages/page_tension_config.o
 .debug_ranges  0x00000530       0x50 Pages/page_timer.o
 .debug_ranges  0x00000580       0x68 Pages/page_vu.o
 .debug_ranges  0x000005e8       0x28 counter.o
 .debug_ranges  0x00000610       0x10 debug_functions.o
 .debug_ranges  0x00000620       0x38 eeprom.o
 .debug_ranges  0x00000658       0x28 adc.o
 .debug_ranges  0x00000680      0x1a8 i2c.o
 .debug_ranges  0x00000828       0x28 ir_contr.o
 .debug_ranges  0x00000850       0x28 main.o
 .debug_ranges  0x00000878       0x30 manager_page.o
 .debug_ranges  0x000008a8       0x30 spim.o
 .debug_ranges  0x000008d8       0x38 time_search.o

.debug_macro    0x00000000     0x7e4e
 *(.debug_macro)
 .debug_macro   0x00000000      0x238 anim.o
 .debug_macro   0x00000238      0xa54 anim.o
 .debug_macro   0x00000c8c       0x10 anim.o
 .debug_macro   0x00000c9c      0x1c9 anim.o
 .debug_macro   0x00000e65      0x2fc anim.o
 .debug_macro   0x00001161      0x166 anim.o
 .debug_macro   0x000012c7       0x16 anim.o
 .debug_macro   0x000012dd       0x97 anim.o
 .debug_macro   0x00001374       0x10 anim.o
 .debug_macro   0x00001384       0x1c anim.o
 .debug_macro   0x000013a0       0x97 anim.o
 .debug_macro   0x00001437       0x5a anim.o
 .debug_macro   0x00001491       0xaa anim.o
 .debug_macro   0x0000153b     0x1410 anim.o
 .debug_macro   0x0000294b      0x13a anim.o
 .debug_macro   0x00002a85       0xbd anim.o
 .debug_macro   0x00002b42       0x34 anim.o
 .debug_macro   0x00002b76       0x18 anim.o
 .debug_macro   0x00002b8e       0x6c anim.o
 .debug_macro   0x00002bfa       0xd7 anim.o
 .debug_macro   0x00002cd1       0x69 anim.o
 .debug_macro   0x00002d3a       0x10 anim.o
 .debug_macro   0x00002d4a       0x12 anim.o
 .debug_macro   0x00002d5c       0xe2 anim.o
 .debug_macro   0x00002e3e       0x58 anim.o
 .debug_macro   0x00002e96       0x10 anim.o
 .debug_macro   0x00002ea6       0x20 anim.o
 .debug_macro   0x00002ec6       0xf2 anim.o
 .debug_macro   0x00002fb8       0x22 anim.o
 .debug_macro   0x00002fda      0x6a5 anim.o
 .debug_macro   0x0000367f      0x1d6 anim.o
 .debug_macro   0x00003855       0x64 anim.o
 .debug_macro   0x000038b9       0x28 anim.o
 .debug_macro   0x000038e1       0x6a anim.o
 .debug_macro   0x0000394b       0x52 anim.o
 .debug_macro   0x0000399d       0x34 anim.o
 .debug_macro   0x000039d1       0x22 anim.o
 .debug_macro   0x000039f3       0x58 anim.o
 .debug_macro   0x00003a4b       0x3a anim.o
 .debug_macro   0x00003a85       0x1c anim.o
 .debug_macro   0x00003aa1       0x3a anim.o
 .debug_macro   0x00003adb       0x46 anim.o
 .debug_macro   0x00003b21       0xa0 anim.o
 .debug_macro   0x00003bc1      0x23e buttons.o
 .debug_macro   0x00003dff       0x5e buttons.o
 .debug_macro   0x00003e5d      0x238 buttons_adc.o
 .debug_macro   0x00004095      0x247 Display/disp1color.o
 .debug_macro   0x000042dc      0x136 Display/disp1color.o
 .debug_macro   0x00004412      0x23d Display/f10x16f.o
 .debug_macro   0x0000464f       0x1c Display/f10x16f.o
 .debug_macro   0x0000466b      0x247 Display/f6x8m.o
 .debug_macro   0x000048b2       0x16 Display/f6x8m.o
 .debug_macro   0x000048c8      0x246 Display/font.o
 .debug_macro   0x00004b0e       0x1c Display/font.o
 .debug_macro   0x00004b2a      0x267 Display/ssd1306.o
 .debug_macro   0x00004d91      0x23e Pages/page_fft.o
 .debug_macro   0x00004fcf       0x22 Pages/page_fft.o
 .debug_macro   0x00004ff1      0x238 Pages/page_ir.o
 .debug_macro   0x00005229      0x23e Pages/page_level.o
 .debug_macro   0x00005467       0x2e Pages/page_level.o
 .debug_macro   0x00005495      0x23e Pages/page_menu.o
 .debug_macro   0x000056d3       0x34 Pages/page_menu.o
 .debug_macro   0x00005707      0x238 Pages/page_off.o
 .debug_macro   0x0000593f      0x23e Pages/page_servo_config.o
 .debug_macro   0x00005b7d       0x64 Pages/page_servo_config.o
 .debug_macro   0x00005be1      0x23e Pages/page_speed.o
 .debug_macro   0x00005e1f       0x1c Pages/page_speed.o
 .debug_macro   0x00005e3b      0x23e Pages/page_tension_config.o
 .debug_macro   0x00006079       0x34 Pages/page_tension_config.o
 .debug_macro   0x000060ad      0x23e Pages/page_timer.o
 .debug_macro   0x000062eb      0x23e Pages/page_vu.o
 .debug_macro   0x00006529       0x16 Pages/page_vu.o
 .debug_macro   0x0000653f      0x238 counter.o
 .debug_macro   0x00006777      0x238 debug_functions.o
 .debug_macro   0x000069af      0x238 eeprom.o
 .debug_macro   0x00006be7      0x23d adc.o
 .debug_macro   0x00006e24       0x10 adc.o
 .debug_macro   0x00006e34       0x9e adc.o
 .debug_macro   0x00006ed2       0x63 adc.o
 .debug_macro   0x00006f35       0xdd adc.o
 .debug_macro   0x00007012      0x238 i2c.o
 .debug_macro   0x0000724a      0x23e ir_contr.o
 .debug_macro   0x00007488       0x4c ir_contr.o
 .debug_macro   0x000074d4      0x234 main.o
 .debug_macro   0x00007708      0x23e manager_page.o
 .debug_macro   0x00007946       0x52 manager_page.o
 .debug_macro   0x00007998      0x238 spim.o
 .debug_macro   0x00007bd0      0x23e time_search.o
 .debug_macro   0x00007e0e       0x40 time_search.o
OUTPUT(MainControlProject.elf elf32-avr)
LOAD linker stubs
